current directory: /home/joelsolo99/OneDrive/Solo Studios/Website/vendor/bundle/ruby/3.2.0/gems/http_parser.rb-0.8.1/ext/ruby_http_parser
/home/joelsolo99/.rbenv/versions/3.2.2/bin/ruby extconf.rb
creating Makefile

current directory: /home/joelsolo99/OneDrive/Solo Studios/Website/vendor/bundle/ruby/3.2.0/gems/http_parser.rb-0.8.1/ext/ruby_http_parser
make DESTDIR\= sitearchdir\=./.gem.20260414-474823-c4bqvw sitelibdir\=./.gem.20260414-474823-c4bqvw clean

current directory: /home/joelsolo99/OneDrive/Solo Studios/Website/vendor/bundle/ruby/3.2.0/gems/http_parser.rb-0.8.1/ext/ruby_http_parser
make DESTDIR\= sitearchdir\=./.gem.20260414-474823-c4bqvw sitelibdir\=./.gem.20260414-474823-c4bqvw
compiling ruby_http_parser.c
ruby_http_parser.c: In function ‘Parser_execute’:
ruby_http_parser.c:373:17: warning: comparison of integer expressions of different signedness: ‘size_t’ {aka ‘long unsigned int’} and ‘long int’ [-Wsign-compare]
  373 |     if (nparsed < len)
      |                 ^
At top level:
cc1: note: unrecognized command-line option ‘-Wno-self-assign’ may have been intended to silence earlier diagnostics
cc1: note: unrecognized command-line option ‘-Wno-parentheses-equality’ may have been intended to silence earlier diagnostics
cc1: note: unrecognized command-line option ‘-Wno-constant-logical-operand’ may have been intended to silence earlier diagnostics
compiling ryah_http_parser.c
linking shared-object ruby_http_parser.so

current directory: /home/joelsolo99/OneDrive/Solo Studios/Website/vendor/bundle/ruby/3.2.0/gems/http_parser.rb-0.8.1/ext/ruby_http_parser
make DESTDIR\= sitearchdir\=./.gem.20260414-474823-c4bqvw sitelibdir\=./.gem.20260414-474823-c4bqvw install
/usr/bin/install -c -m 0755 ruby_http_parser.so ./.gem.20260414-474823-c4bqvw

current directory: /home/joelsolo99/OneDrive/Solo Studios/Website/vendor/bundle/ruby/3.2.0/gems/http_parser.rb-0.8.1/ext/ruby_http_parser
make DESTDIR\= sitearchdir\=./.gem.20260414-474823-c4bqvw sitelibdir\=./.gem.20260414-474823-c4bqvw clean
